src/app/(app)/asistencia/page.tsx(237,17): error TS2353: Object literal may only specify known properties, and 'sessionTitle' does not exist in type 'Omit<AttendanceRecord, "id">'.
src/app/(app)/cursos/[courseId]/CourseDetailPage.tsx(15,10): error TS2305: Module '"@/types/course"' has no exported member 'CourseDetails'.
src/app/(app)/cursos/[courseId]/CourseDetailPage.tsx(83,37): error TS2322: Type 'WithId<InstructorProfile> | null' is not assignable to type 'InstructorProfile | null'.
  Type 'WithId<InstructorProfile>' is not assignable to type 'InstructorProfile | null'.
    Type 'WithId<InstructorProfile>' is not assignable to type 'InstructorProfile'.
      Types of property 'profilePicture' are incompatible.
        Type 'string | undefined' is not assignable to type 'string'.
          Type 'undefined' is not assignable to type 'string'.
src/app/(app)/cursos/[courseId]/CourseDetailPage.tsx(89,15): error TS2322: Type 'WithId<AttendanceRecord>[] | null' is not assignable to type 'AttendanceRecord[]'.
  Type 'null' is not assignable to type 'AttendanceRecord[]'.
src/app/(app)/cursos/[courseId]/page.tsx(62,11): error TS2322: Type 'WithId<AttendanceRecord>[] | null' is not assignable to type 'AttendanceRecord[]'.
  Type 'null' is not assignable to type 'AttendanceRecord[]'.
src/app/(app)/cursos/[courseId]/page.tsx(111,21): error TS2322: Type 'WithId<Course>' is not assignable to type 'CourseDetails'.
  Types of property 'mode' are incompatible.
    Type 'string' is not assignable to type '"Presencial" | "Online" | "H├¡brido" | undefined'.
src/app/(app)/cursos/[courseId]/page.tsx(111,37): error TS2322: Type 'WithId<InstructorProfile> | null' is not assignable to type 'InstructorProfile | null'.
  Type 'WithId<InstructorProfile>' is not assignable to type 'InstructorProfile | null'.
    Type 'WithId<InstructorProfile>' is not assignable to type 'InstructorProfile'.
      Types of property 'profilePicture' are incompatible.
        Type 'string | undefined' is not assignable to type 'string'.
          Type 'undefined' is not assignable to type 'string'.
src/app/(app)/cursos/[courseId]/page.tsx(121,13): error TS2322: Type 'string' is not assignable to type '"Presencial" | "Online" | "H├¡brido" | undefined'.
src/app/(app)/schedule/page.tsx(327,13): error TS2339: Property 'date' does not exist on type '{ day: CalendarDay; modifiers: Modifiers; } & HTMLAttributes<HTMLDivElement>'.
src/app/(app)/schedule/page.tsx(327,19): error TS2339: Property 'displayMonth' does not exist on type '{ day: CalendarDay; modifiers: Modifiers; } & HTMLAttributes<HTMLDivElement>'.
src/components/cursos/admin/AdminCoursesView.tsx(140,30): error TS2304: Cannot find name 'DialogTrigger'.
src/components/cursos/admin/AdminCoursesView.tsx(144,31): error TS2304: Cannot find name 'DialogTrigger'.
src/components/cursos/StudentView.tsx(68,29): error TS2322: Type 'import("C:/Users/HP Specter/Documents/UAI-PRO/INTRANET/studio/src/types/course").AttendanceRecord[]' is not assignable to type 'AttendanceRecord[]'.
  Property 'sessionId' is missing in type 'import("C:/Users/HP Specter/Documents/UAI-PRO/INTRANET/studio/src/types/course").AttendanceRecord' but required in type 'AttendanceRecord'.
src/components/profile/ProfessorProfileView.tsx(54,134): error TS2339: Property 'bio' does not exist on type 'UserProfile'.
src/components/profile/ProfessorProfileView.tsx(58,140): error TS2339: Property 'specialization' does not exist on type 'UserProfile'.
src/components/profile/ProfessorProfileView.tsx(62,128): error TS2339: Property 'officeHours' does not exist on type 'UserProfile'.
src/components/profile/StaffProfileView.tsx(38,21): error TS2339: Property 'bio' does not exist on type 'UserProfile'.
src/components/profile/StaffProfileView.tsx(48,22): error TS2339: Property 'bio' does not exist on type 'UserProfile'.
src/components/ui/calendar.tsx(58,9): error TS2353: Object literal may only specify known properties, and 'IconLeft' does not exist in type 'Partial<CustomComponents>'.
src/firebase/provider.tsx(133,7): error TS2322: Type 'boolean | null' is not assignable to type 'boolean'.
  Type 'null' is not assignable to type 'boolean'.
