src/ai/flows/match-jobs-flow.ts(6,20): error TS2307: Cannot find module '@/ai/genkit' or its corresponding type declarations.
src/ai/flows/parse-cv-flow.ts(10,20): error TS2307: Cannot find module '@/ai/genkit' or its corresponding type declarations.
